// Jest Snapshot v1, https://goo.gl/fbAQLP

exports[`Testing CardList CardList Component 1`] = `
<div>
  <div
    class="css-1r9y2ds"
  >
    hola
  </div>
</div>
`;
